---
source: tests/integration/commands/commit_tree.rs
assertion_line: 28
expression: output
---
tree [sha1]
author Jane Doe <jane@doe.com> [date_seconds] [timezone]
committer Jane Doe <jane@doe.com> [date_seconds] [timezone]

initial commit
