---
source: tests/integration/commands/write_tree.rs
assertion_line: 22
expression: output
---
040000 tree 91e1483644d087af54a6e8aac15a08c482bb9fb1	dir1
040000 tree cf8e933fedbe540f9881ba4dc34b034785834227	dir2
100644 blob b6fc4c620b67d95f953a5c1c1230aaab5db5a1b0	file1.txt
