---
source: crates/rustgit_cli/tests/integration/commands/ls_files.rs
assertion_line: 20
expression: rustgit().ls_files()
---
dir1/file_in_dir1_1
dir1/file_in_dir1_2
dir2/file_in_dir2_1
file1.txt
