---
source: tests/integration/commands/commit_tree.rs
assertion_line: 71
expression: output
---
tree [sha1]
parent [sha1]
author [name] <[email]> [date_seconds] [timezone]
committer [name] <[email]> [date_seconds] [timezone]

another commit
