---
source: tests/integration/commands/commit.rs
assertion_line: 30
expression: log
---
commit [sha1]
Author: [name] <[email]>
Date: [date]

    initial commit
