---
source: crates/rustgit_cli/tests/integration/commands/add.rs
assertion_line: 25
expression: git().ls_files()
---
file.txt
dir/file1.txt
