---
source: tests/integration/commit.rs
expression: log
---
commit [sha1]
Author: [name] <[email]>
Date: [date]

    initial commit
