---
source: tests/integration/commit_tree.rs
assertion_line: 38
expression: catfile_output
---
tree [sha1]
author Jane Doe <jane@doe.com> [date_seconds] [timezone]
committer Jane Doe <jane@doe.com> [date_seconds] [timezone]

initial commit
